app/admin/products/[id]/edit/page.tsx(68,33): error TS2339: Property 'replace' does not exist on type 'never'.
components/theme-provider.tsx(7,8): error TS2307: Cannot find module 'next-themes' or its corresponding type declarations.
